2026-05-16 14:38:58,316 [INFO] Logs at /root/go/src/github.com/portworx/px_backup_module/ansible-collection/delete-failed-scheduled-backups_20260516T143858Z.log
2026-05-16 14:38:58,316 [INFO] Run mode: dry_run=False cluster_filter=None schedule_filter=None limit=0 page_size=200
2026-05-16 14:38:58,317 [INFO] Authenticating against http://px-central.example.com
2026-05-16 14:38:58,370 [INFO] Enumerating clusters in org_id=default
2026-05-16 14:38:58,381 [INFO] Clusters in scope: 1
2026-05-16 14:38:58,381 [INFO] Cluster: vadiraj (uid=3e1be01d-6e74-4414-99ce-470e636ddc75)
2026-05-16 14:38:58,396 [INFO]   Schedules in scope: 15
2026-05-16 14:38:58,406 [INFO]   Schedule: mixed-vm-sched-01 -> Failed backups: 1
2026-05-16 14:38:58,428 [INFO]     DELETED backup=mixed-vm-sched-01-f9e36d5-interval-2026-05-16-114325 uid=70119dac-1d6f-4880-afeb-47db93b53b2e
2026-05-16 14:38:58,439 [INFO]   Schedule: successful-vm-sched-02 -> Failed backups: 0
2026-05-16 14:38:58,449 [INFO]   Schedule: successful-vm-sched-01 -> Failed backups: 0
2026-05-16 14:38:58,460 [INFO]   Schedule: bogus-vm-sched-12 -> Failed backups: 7
2026-05-16 14:38:58,478 [INFO]     DELETED backup=bogus-vm-sched-12-a355789-interval-2026-05-16-130524 uid=c2d6afef-fd17-432a-9773-586a8eb35069
2026-05-16 14:38:58,495 [INFO]     DELETED backup=bogus-vm-sched-12-a355789-interval-2026-05-16-132024 uid=bd27ea63-a74c-47c8-bbcd-3e26cdd3cb05
2026-05-16 14:38:58,516 [INFO]     DELETED backup=bogus-vm-sched-12-a355789-interval-2026-05-16-133528 uid=44189b84-bc25-49af-912d-f019aa4834ba
2026-05-16 14:38:58,538 [INFO]     DELETED backup=bogus-vm-sched-12-a355789-interval-2026-05-16-135029 uid=4c860282-6305-4037-bc28-0e0502bc8ef5
2026-05-16 14:38:58,560 [INFO]     DELETED backup=bogus-vm-sched-12-a355789-interval-2026-05-16-140530 uid=6936a86d-0c81-4b1c-9794-e5b41b44e968
2026-05-16 14:38:58,580 [INFO]     DELETED backup=bogus-vm-sched-12-a355789-interval-2026-05-16-142031 uid=9d78b6e7-1524-4fd0-a51a-8cb8d6aa3360
2026-05-16 14:38:58,599 [INFO]     DELETED backup=bogus-vm-sched-12-a355789-interval-2026-05-16-143532 uid=a915b082-b40c-49b8-ace1-1e20fc6d180b
2026-05-16 14:38:58,610 [INFO]   Schedule: bogus-vm-sched-11 -> Failed backups: 7
2026-05-16 14:38:58,630 [INFO]     DELETED backup=bogus-vm-sched-11-e6630f3-interval-2026-05-16-130522 uid=627bccd7-cf74-42a1-9721-060e0dff04ad
2026-05-16 14:38:58,649 [INFO]     DELETED backup=bogus-vm-sched-11-e6630f3-interval-2026-05-16-132023 uid=477d7395-be56-4dbc-9736-93d55f37291b
2026-05-16 14:38:58,672 [INFO]     DELETED backup=bogus-vm-sched-11-e6630f3-interval-2026-05-16-133526 uid=d53a7a76-971e-4c9e-b938-e0cc2572398c
2026-05-16 14:38:58,690 [INFO]     DELETED backup=bogus-vm-sched-11-e6630f3-interval-2026-05-16-135027 uid=f0305339-c609-4161-980a-188f57a8d393
2026-05-16 14:38:58,707 [INFO]     DELETED backup=bogus-vm-sched-11-e6630f3-interval-2026-05-16-140528 uid=b6dbc58e-52c9-49f0-90b3-afaa2dd60303
2026-05-16 14:38:58,724 [INFO]     DELETED backup=bogus-vm-sched-11-e6630f3-interval-2026-05-16-142029 uid=8d899793-d6fd-4e94-8a5b-7cff76b5791e
2026-05-16 14:38:58,745 [INFO]     DELETED backup=bogus-vm-sched-11-e6630f3-interval-2026-05-16-143530 uid=f4a1f069-37f6-46f1-b0b8-657218267ee9
2026-05-16 14:38:58,755 [INFO]   Schedule: bogus-vm-sched-10 -> Failed backups: 7
2026-05-16 14:38:58,774 [INFO]     DELETED backup=bogus-vm-sched-10-1cc3ad8-interval-2026-05-16-130521 uid=d93a68ad-b922-420c-86ec-16ed5c39ef46
2026-05-16 14:38:58,791 [INFO]     DELETED backup=bogus-vm-sched-10-1cc3ad8-interval-2026-05-16-132022 uid=c8972c5c-814a-4323-bf61-bec85c62291a
2026-05-16 14:38:58,809 [INFO]     DELETED backup=bogus-vm-sched-10-1cc3ad8-interval-2026-05-16-133524 uid=79994b13-6e3a-48f1-98da-0b29de3d0245
2026-05-16 14:38:58,827 [INFO]     DELETED backup=bogus-vm-sched-10-1cc3ad8-interval-2026-05-16-135025 uid=4e623fc6-d0ea-4323-b280-6f2891748a99
2026-05-16 14:38:58,848 [INFO]     DELETED backup=bogus-vm-sched-10-1cc3ad8-interval-2026-05-16-140526 uid=be6e0a6d-3d99-41d5-aa97-3e8a0ee80128
2026-05-16 14:38:58,868 [INFO]     DELETED backup=bogus-vm-sched-10-1cc3ad8-interval-2026-05-16-142027 uid=b1859009-7234-4ee6-bd66-94f7b191f395
2026-05-16 14:38:58,889 [INFO]     DELETED backup=bogus-vm-sched-10-1cc3ad8-interval-2026-05-16-143528 uid=c9905c11-29be-444b-a1d9-3dac8cc434d3
2026-05-16 14:38:58,900 [INFO]   Schedule: bogus-vm-sched-09 -> Failed backups: 7
2026-05-16 14:38:58,920 [INFO]     DELETED backup=bogus-vm-sched-09-9a2d285-interval-2026-05-16-130524 uid=18a30b48-b222-4522-a084-b7c13a935c43
2026-05-16 14:38:58,943 [INFO]     DELETED backup=bogus-vm-sched-09-9a2d285-interval-2026-05-16-132025 uid=7ab2a509-3b3f-4e2e-b014-a83a7cab42cb
2026-05-16 14:38:58,964 [INFO]     DELETED backup=bogus-vm-sched-09-9a2d285-interval-2026-05-16-133529 uid=4cb82382-b482-4816-af26-b1c0dd5b8627
2026-05-16 14:38:58,984 [INFO]     DELETED backup=bogus-vm-sched-09-9a2d285-interval-2026-05-16-135029 uid=91b64455-f6d9-467f-855c-ad6d617b0206
2026-05-16 14:38:59,005 [INFO]     DELETED backup=bogus-vm-sched-09-9a2d285-interval-2026-05-16-140532 uid=a48b1863-e83c-4fd8-acc4-0bd648d515cb
2026-05-16 14:38:59,027 [INFO]     DELETED backup=bogus-vm-sched-09-9a2d285-interval-2026-05-16-142032 uid=319712d0-98c0-427a-b3a1-85e41acac017
2026-05-16 14:38:59,048 [INFO]     DELETED backup=bogus-vm-sched-09-9a2d285-interval-2026-05-16-143533 uid=d11e3a45-ab95-45e2-abea-90f5d6b836b0
2026-05-16 14:38:59,061 [INFO]   Schedule: bogus-vm-sched-08 -> Failed backups: 7
2026-05-16 14:38:59,081 [INFO]     DELETED backup=bogus-vm-sched-08-dfb8d50-interval-2026-05-16-130518 uid=17f2cd18-b479-4099-bc30-3187ca5e4ff3
2026-05-16 14:38:59,099 [INFO]     DELETED backup=bogus-vm-sched-08-dfb8d50-interval-2026-05-16-132019 uid=c9bbda32-ee2c-4d6f-8aed-483f444d9875
2026-05-16 14:38:59,121 [INFO]     DELETED backup=bogus-vm-sched-08-dfb8d50-interval-2026-05-16-133521 uid=8a0dd060-7a8e-46d2-84b5-0326605076d7
2026-05-16 14:38:59,143 [INFO]     DELETED backup=bogus-vm-sched-08-dfb8d50-interval-2026-05-16-135022 uid=07e54107-2259-40c5-b7a3-7528394b963d
2026-05-16 14:38:59,161 [INFO]     DELETED backup=bogus-vm-sched-08-dfb8d50-interval-2026-05-16-140523 uid=aa4fa6de-aaaa-4d0e-bcb5-d473335f4654
2026-05-16 14:38:59,179 [INFO]     DELETED backup=bogus-vm-sched-08-dfb8d50-interval-2026-05-16-142024 uid=28be830d-33d2-4e79-89ef-6f97c03116e6
2026-05-16 14:38:59,204 [INFO]     DELETED backup=bogus-vm-sched-08-dfb8d50-interval-2026-05-16-143525 uid=bd81a922-4d9c-4d42-b604-05af760e1cea
2026-05-16 14:38:59,218 [INFO]   Schedule: bogus-vm-sched-07 -> Failed backups: 7
2026-05-16 14:38:59,240 [INFO]     DELETED backup=bogus-vm-sched-07-dfd2b67-interval-2026-05-16-130519 uid=c7bc5d6c-99bf-480c-bbd2-f9f2ccce7d71
2026-05-16 14:38:59,259 [INFO]     DELETED backup=bogus-vm-sched-07-dfd2b67-interval-2026-05-16-132020 uid=6047508f-74f9-472f-96cf-5b4ee47502b3
2026-05-16 14:38:59,277 [INFO]     DELETED backup=bogus-vm-sched-07-dfd2b67-interval-2026-05-16-133522 uid=10732f1f-a6c0-41a4-8ef0-bc73a7545595
2026-05-16 14:38:59,297 [INFO]     DELETED backup=bogus-vm-sched-07-dfd2b67-interval-2026-05-16-135023 uid=c781f52a-10c9-4264-98f4-6165779502ad
2026-05-16 14:38:59,315 [INFO]     DELETED backup=bogus-vm-sched-07-dfd2b67-interval-2026-05-16-140523 uid=bfdfe7a8-5ee4-41dc-9f5b-be6618a6eadd
2026-05-16 14:38:59,336 [INFO]     DELETED backup=bogus-vm-sched-07-dfd2b67-interval-2026-05-16-142024 uid=2e82a284-b76a-429c-9632-60969b79376d
2026-05-16 14:38:59,354 [INFO]     DELETED backup=bogus-vm-sched-07-dfd2b67-interval-2026-05-16-143525 uid=089a9770-e666-4f83-8274-948545313c45
2026-05-16 14:38:59,367 [INFO]   Schedule: bogus-vm-sched-06 -> Failed backups: 7
2026-05-16 14:38:59,388 [INFO]     DELETED backup=bogus-vm-sched-06-ebec725-interval-2026-05-16-130521 uid=d7f0285f-93cc-4d1f-a6bd-e649e9f64f93
2026-05-16 14:38:59,409 [INFO]     DELETED backup=bogus-vm-sched-06-ebec725-interval-2026-05-16-132022 uid=6a874f7c-3348-4b62-a935-83761231480c
2026-05-16 14:38:59,429 [INFO]     DELETED backup=bogus-vm-sched-06-ebec725-interval-2026-05-16-133525 uid=ac796e95-cf30-452b-ad8b-075a15cb3638
2026-05-16 14:38:59,446 [INFO]     DELETED backup=bogus-vm-sched-06-ebec725-interval-2026-05-16-135025 uid=d8544261-d6c4-4a89-b028-c9e31f469b34
2026-05-16 14:38:59,464 [INFO]     DELETED backup=bogus-vm-sched-06-ebec725-interval-2026-05-16-140526 uid=d000dfe9-49e0-425f-a150-bd734d4b05a9
2026-05-16 14:38:59,480 [INFO]     DELETED backup=bogus-vm-sched-06-ebec725-interval-2026-05-16-142027 uid=90af5386-dfc7-443a-862a-fd65e3fab022
2026-05-16 14:38:59,499 [INFO]     DELETED backup=bogus-vm-sched-06-ebec725-interval-2026-05-16-143528 uid=425553e8-75bf-4c51-8ed0-9f1bf372842b
2026-05-16 14:38:59,514 [INFO]   Schedule: bogus-vm-sched-05 -> Failed backups: 7
2026-05-16 14:38:59,534 [INFO]     DELETED backup=bogus-vm-sched-05-4043ae1-interval-2026-05-16-130525 uid=649ec073-6054-4f0c-9efe-6ebcdbfe112a
2026-05-16 14:38:59,555 [INFO]     DELETED backup=bogus-vm-sched-05-4043ae1-interval-2026-05-16-132026 uid=54fc1bcf-9642-4ed6-8068-fe6677cdd100
2026-05-16 14:38:59,573 [INFO]     DELETED backup=bogus-vm-sched-05-4043ae1-interval-2026-05-16-133529 uid=a6320ee7-79ba-410e-88da-60f7ff433a0b
2026-05-16 14:38:59,593 [INFO]     DELETED backup=bogus-vm-sched-05-4043ae1-interval-2026-05-16-135030 uid=aca1b037-7781-441b-a3b5-04e1dd9d29e8
2026-05-16 14:38:59,614 [INFO]     DELETED backup=bogus-vm-sched-05-4043ae1-interval-2026-05-16-140533 uid=4b9fbd08-30dc-4db7-be09-b3d903612abe
2026-05-16 14:38:59,635 [INFO]     DELETED backup=bogus-vm-sched-05-4043ae1-interval-2026-05-16-142033 uid=b1c6bfea-4259-415d-9453-b03581d45487
2026-05-16 14:38:59,654 [INFO]     DELETED backup=bogus-vm-sched-05-4043ae1-interval-2026-05-16-143534 uid=fff58046-d266-4027-ab34-ab0ff584a664
2026-05-16 14:38:59,665 [INFO]   Schedule: bogus-vm-sched-04 -> Failed backups: 7
2026-05-16 14:38:59,683 [INFO]     DELETED backup=bogus-vm-sched-04-ba93844-interval-2026-05-16-130523 uid=76f009c3-5ee3-44b0-b109-1cadcfb2925e
2026-05-16 14:38:59,703 [INFO]     DELETED backup=bogus-vm-sched-04-ba93844-interval-2026-05-16-132024 uid=ba42c356-8e43-4a0d-9705-5e0db1358d1a
2026-05-16 14:38:59,728 [INFO]     DELETED backup=bogus-vm-sched-04-ba93844-interval-2026-05-16-133527 uid=819049b1-6cff-4281-a87c-5b93fde2e8be
2026-05-16 14:38:59,749 [INFO]     DELETED backup=bogus-vm-sched-04-ba93844-interval-2026-05-16-135028 uid=ee295744-b64e-4a3b-b241-ca890e5e511c
2026-05-16 14:38:59,769 [INFO]     DELETED backup=bogus-vm-sched-04-ba93844-interval-2026-05-16-140529 uid=f09b2d0e-7995-4612-a369-ad8a5d43f4b1
2026-05-16 14:38:59,788 [INFO]     DELETED backup=bogus-vm-sched-04-ba93844-interval-2026-05-16-142030 uid=6c9c53c2-5572-4850-9aa9-82af295e0f5d
2026-05-16 14:38:59,806 [INFO]     DELETED backup=bogus-vm-sched-04-ba93844-interval-2026-05-16-143531 uid=5de5d49b-ca5e-4c35-ae34-f3d63c8a275a
2026-05-16 14:38:59,817 [INFO]   Schedule: bogus-vm-sched-03 -> Failed backups: 7
2026-05-16 14:38:59,834 [INFO]     DELETED backup=bogus-vm-sched-03-15ba00d-interval-2026-05-16-130518 uid=86711564-aabf-446c-ad3f-7a4a813f73d6
2026-05-16 14:38:59,850 [INFO]     DELETED backup=bogus-vm-sched-03-15ba00d-interval-2026-05-16-132018 uid=d1412325-ccc2-404c-9827-e55740446d80
2026-05-16 14:38:59,867 [INFO]     DELETED backup=bogus-vm-sched-03-15ba00d-interval-2026-05-16-133520 uid=afe9b280-348e-4afb-a502-41706948d9a9
2026-05-16 14:38:59,884 [INFO]     DELETED backup=bogus-vm-sched-03-15ba00d-interval-2026-05-16-135021 uid=612c54e3-a555-4afe-8886-e79d42584a90
2026-05-16 14:38:59,902 [INFO]     DELETED backup=bogus-vm-sched-03-15ba00d-interval-2026-05-16-140522 uid=cb0d3849-b861-496a-a884-2f963a1bf520
2026-05-16 14:38:59,920 [INFO]     DELETED backup=bogus-vm-sched-03-15ba00d-interval-2026-05-16-142022 uid=1cf7d078-2e01-4f99-a3f8-3d186d126f13
2026-05-16 14:38:59,937 [INFO]     DELETED backup=bogus-vm-sched-03-15ba00d-interval-2026-05-16-143523 uid=465274fe-553e-4dba-afa4-88c95213bdb3
2026-05-16 14:38:59,948 [INFO]   Schedule: bogus-vm-sched-02 -> Failed backups: 7
2026-05-16 14:38:59,965 [INFO]     DELETED backup=bogus-vm-sched-02-4d44ee9-interval-2026-05-16-130519 uid=c9a7c1c6-6fed-4102-8616-00f7f813ac02
2026-05-16 14:38:59,982 [INFO]     DELETED backup=bogus-vm-sched-02-4d44ee9-interval-2026-05-16-132020 uid=7f0d30a7-f442-4369-8366-cba801b60816
2026-05-16 14:38:59,999 [INFO]     DELETED backup=bogus-vm-sched-02-4d44ee9-interval-2026-05-16-133523 uid=7cacbc39-22e1-4fd2-8265-0448deb9fdad
2026-05-16 14:39:00,018 [INFO]     DELETED backup=bogus-vm-sched-02-4d44ee9-interval-2026-05-16-135024 uid=6c8234f0-4619-46ce-a361-7426ad5f5129
2026-05-16 14:39:00,039 [INFO]     DELETED backup=bogus-vm-sched-02-4d44ee9-interval-2026-05-16-140524 uid=a6078b09-889b-4fc4-853e-1a63f49dbdc9
2026-05-16 14:39:00,058 [INFO]     DELETED backup=bogus-vm-sched-02-4d44ee9-interval-2026-05-16-142025 uid=3d05e015-f255-4296-9eac-6cbd84e875f9
2026-05-16 14:39:00,077 [INFO]     DELETED backup=bogus-vm-sched-02-4d44ee9-interval-2026-05-16-143526 uid=e210f66e-d2fd-408d-90ab-2bdc52c6a2a1
2026-05-16 14:39:00,091 [INFO]   Schedule: bogus-vm-sched-01 -> Failed backups: 7
2026-05-16 14:39:00,111 [INFO]     DELETED backup=bogus-vm-sched-01-cf7a183-interval-2026-05-16-130449 uid=77b958e2-d225-46c0-b3b3-c6a1a8823d05
2026-05-16 14:39:00,132 [INFO]     DELETED backup=bogus-vm-sched-01-cf7a183-interval-2026-05-16-131950 uid=9550fa82-e566-46e7-a51e-a5c05e751002
2026-05-16 14:39:00,154 [INFO]     DELETED backup=bogus-vm-sched-01-cf7a183-interval-2026-05-16-133451 uid=de68d1ce-a41f-4c12-b6d7-9d1c798c2118
2026-05-16 14:39:00,173 [INFO]     DELETED backup=bogus-vm-sched-01-cf7a183-interval-2026-05-16-134952 uid=2e35e762-e904-4b7d-9369-9a110cec8560
2026-05-16 14:39:00,198 [INFO]     DELETED backup=bogus-vm-sched-01-cf7a183-interval-2026-05-16-140453 uid=2890ee9b-c0ba-467f-8ee5-d3ed22c8289a
2026-05-16 14:39:00,218 [INFO]     DELETED backup=bogus-vm-sched-01-cf7a183-interval-2026-05-16-141953 uid=0e2fac06-76d5-4797-ae44-4863ed6c6c55
2026-05-16 14:39:00,240 [INFO]     DELETED backup=bogus-vm-sched-01-cf7a183-interval-2026-05-16-143454 uid=c319bd50-3b0d-46e7-a186-fb305b5b7aed
2026-05-16 14:39:00,245 [INFO] Report (json): /root/go/src/github.com/portworx/px_backup_module/ansible-collection/delete-failed-scheduled-backups_20260516T143858Z.json
2026-05-16 14:39:00,245 [INFO] Report (txt):  /root/go/src/github.com/portworx/px_backup_module/ansible-collection/delete-failed-scheduled-backups_20260516T143858Z.txt
2026-05-16 14:39:00,245 [INFO] Done. attempted=85 succeeded=85 failed=0 aborted_by_limit=False aborted_by_signal=False
